../Core/Src/main.c:63:5:__io_putchar	16	static
../Core/Src/main.c:71:6:display_menu	8	static
../Core/Src/main.c:97:6:led_all_off	16	static
../Core/Src/main.c:102:6:ambulance_a	16	static
../Core/Src/main.c:122:6:ambulance_b	16	static
../Core/Src/main.c:150:5:main	8	static
../Core/Src/main.c:201:6:SystemClock_Config	72	static
../Core/Src/main.c:241:13:MX_USART2_UART_Init	8	static
../Core/Src/main.c:274:13:MX_GPIO_Init	40	static
../Core/Src/main.c:311:6:HAL_UART_RxCpltCallback	16	static
../Core/Src/main.c:357:6:Error_Handler	4	static,ignoring_inline_asm
