../Core/Src/main.c:81:5:__io_putchar	16	static
../Core/Src/main.c:100:6:led_on	24	static
../Core/Src/main.c:106:6:led_off	16	static
../Core/Src/main.c:117:5:main	8	static
../Core/Src/main.c:164:6:SystemClock_Config	88	static
../Core/Src/main.c:211:13:MX_ADC1_Init	24	static
../Core/Src/main.c:258:13:MX_USART2_UART_Init	8	static
../Core/Src/main.c:291:13:MX_GPIO_Init	40	static
../Core/Src/main.c:328:6:HAL_ADC_ConvCpltCallback	16	static
../Core/Src/main.c:371:6:Error_Handler	4	static,ignoring_inline_asm
