../Core/Src/ILI9341/ILI9341_STM32_Driver.c:107:6:ILI9341_Setup_Data	16	static
../Core/Src/ILI9341/ILI9341_STM32_Driver.c:113:6:ILI9341_Delay	24	static
../Core/Src/ILI9341/ILI9341_STM32_Driver.c:120:6:ILI9341_Write_Command	16	static
../Core/Src/ILI9341/ILI9341_STM32_Driver.c:127:6:ILI9341_Write_Data	16	static
../Core/Src/ILI9341/ILI9341_STM32_Driver.c:134:6:ILI9341_Set_Address	24	static
../Core/Src/ILI9341/ILI9341_STM32_Driver.c:152:6:ILI9341_Reset	8	static
../Core/Src/ILI9341/ILI9341_STM32_Driver.c:162:6:ILI9341_Set_Rotation	24	static
../Core/Src/ILI9341/ILI9341_STM32_Driver.c:199:6:ILI9341_Enable	8	static
../Core/Src/ILI9341/ILI9341_STM32_Driver.c:204:6:ILI9341_Lcd_Clear	24	static
../Core/Src/ILI9341/ILI9341_STM32_Driver.c:217:6:ILI9341_Init	8	static
../Core/Src/ILI9341/ILI9341_STM32_Driver.c:360:6:ILI9341_Draw_Colour	16	static
../Core/Src/ILI9341/ILI9341_STM32_Driver.c:375:6:ILI9341_Draw_Colour_Burst	24	static
../Core/Src/ILI9341/ILI9341_STM32_Driver.c:426:6:ILI9341_Fill_Screen	16	static
../Core/Src/ILI9341/ILI9341_STM32_Driver.c:438:6:ILI9341_Draw_Pixel	16	static
../Core/Src/ILI9341/ILI9341_STM32_Driver.c:501:6:ILI9341_Draw_Rectangle	24	static
../Core/Src/ILI9341/ILI9341_STM32_Driver.c:517:6:ILI9341_Draw_Horizontal_Line	24	static
../Core/Src/ILI9341/ILI9341_STM32_Driver.c:529:6:ILI9341_Draw_Vertical_Line	24	static
