Archive member included to satisfy reference by file (symbol)

c:/st/stm32cubeide_1.12.0/stm32cubeide/plugins/com.st.stm32cube.ide.mcu.externaltools.gnu-tools-for-stm32.10.3-2021.10.win32_1.0.200.202301161003/tools/bin/../lib/gcc/arm-none-eabi/10.3.1/../../../../arm-none-eabi/lib/thumb/v7e-m+fp/hard\libc_nano.a(lib_a-errno.o)
                              ./Core/Src/syscalls.o (__errno)
c:/st/stm32cubeide_1.12.0/stm32cubeide/plugins/com.st.stm32cube.ide.mcu.externaltools.gnu-tools-for-stm32.10.3-2021.10.win32_1.0.200.202301161003/tools/bin/../lib/gcc/arm-none-eabi/10.3.1/../../../../arm-none-eabi/lib/thumb/v7e-m+fp/hard\libc_nano.a(lib_a-exit.o)
                              c:/st/stm32cubeide_1.12.0/stm32cubeide/plugins/com.st.stm32cube.ide.mcu.externaltools.gnu-tools-for-stm32.10.3-2021.10.win32_1.0.200.202301161003/tools/bin/../lib/gcc/arm-none-eabi/10.3.1/../../../../arm-none-eabi/lib/thumb/v7e-m+fp/hard/crt0.o (exit)
c:/st/stm32cubeide_1.12.0/stm32cubeide/plugins/com.st.stm32cube.ide.mcu.externaltools.gnu-tools-for-stm32.10.3-2021.10.win32_1.0.200.202301161003/tools/bin/../lib/gcc/arm-none-eabi/10.3.1/../../../../arm-none-eabi/lib/thumb/v7e-m+fp/hard\libc_nano.a(lib_a-impure.o)
                              c:/st/stm32cubeide_1.12.0/stm32cubeide/plugins/com.st.stm32cube.ide.mcu.externaltools.gnu-tools-for-stm32.10.3-2021.10.win32_1.0.200.202301161003/tools/bin/../lib/gcc/arm-none-eabi/10.3.1/../../../../arm-none-eabi/lib/thumb/v7e-m+fp/hard\libc_nano.a(lib_a-exit.o) (_global_impure_ptr)
c:/st/stm32cubeide_1.12.0/stm32cubeide/plugins/com.st.stm32cube.ide.mcu.externaltools.gnu-tools-for-stm32.10.3-2021.10.win32_1.0.200.202301161003/tools/bin/../lib/gcc/arm-none-eabi/10.3.1/../../../../arm-none-eabi/lib/thumb/v7e-m+fp/hard\libc_nano.a(lib_a-init.o)
                              c:/st/stm32cubeide_1.12.0/stm32cubeide/plugins/com.st.stm32cube.ide.mcu.externaltools.gnu-tools-for-stm32.10.3-2021.10.win32_1.0.200.202301161003/tools/bin/../lib/gcc/arm-none-eabi/10.3.1/../../../../arm-none-eabi/lib/thumb/v7e-m+fp/hard/crt0.o (__libc_init_array)
c:/st/stm32cubeide_1.12.0/stm32cubeide/plugins/com.st.stm32cube.ide.mcu.externaltools.gnu-tools-for-stm32.10.3-2021.10.win32_1.0.200.202301161003/tools/bin/../lib/gcc/arm-none-eabi/10.3.1/../../../../arm-none-eabi/lib/thumb/v7e-m+fp/hard\libc_nano.a(lib_a-memset.o)
                              c:/st/stm32cubeide_1.12.0/stm32cubeide/plugins/com.st.stm32cube.ide.mcu.externaltools.gnu-tools-for-stm32.10.3-2021.10.win32_1.0.200.202301161003/tools/bin/../lib/gcc/arm-none-eabi/10.3.1/../../../../arm-none-eabi/lib/thumb/v7e-m+fp/hard/crt0.o (memset)
c:/st/stm32cubeide_1.12.0/stm32cubeide/plugins/com.st.stm32cube.ide.mcu.externaltools.gnu-tools-for-stm32.10.3-2021.10.win32_1.0.200.202301161003/tools/bin/../lib/gcc/arm-none-eabi/10.3.1/thumb/v7e-m+fp/hard\libgcc.a(_aeabi_uldivmod.o)
                              ./Drivers/STM32F4xx_HAL_Driver/Src/stm32f4xx_hal_rcc.o (__aeabi_uldivmod)
c:/st/stm32cubeide_1.12.0/stm32cubeide/plugins/com.st.stm32cube.ide.mcu.externaltools.gnu-tools-for-stm32.10.3-2021.10.win32_1.0.200.202301161003/tools/bin/../lib/gcc/arm-none-eabi/10.3.1/thumb/v7e-m+fp/hard\libgcc.a(_udivmoddi4.o)
                              c:/st/stm32cubeide_1.12.0/stm32cubeide/plugins/com.st.stm32cube.ide.mcu.externaltools.gnu-tools-for-stm32.10.3-2021.10.win32_1.0.200.202301161003/tools/bin/../lib/gcc/arm-none-eabi/10.3.1/thumb/v7e-m+fp/hard\libgcc.a(_aeabi_uldivmod.o) (__udivmoddi4)
c:/st/stm32cubeide_1.12.0/stm32cubeide/plugins/com.st.stm32cube.ide.mcu.externaltools.gnu-tools-for-stm32.10.3-2021.10.win32_1.0.200.202301161003/tools/bin/../lib/gcc/arm-none-eabi/10.3.1/thumb/v7e-m+fp/hard\libgcc.a(_dvmd_tls.o)
                              c:/st/stm32cubeide_1.12.0/stm32cubeide/plugins/com.st.stm32cube.ide.mcu.externaltools.gnu-tools-for-stm32.10.3-2021.10.win32_1.0.200.202301161003/tools/bin/../lib/gcc/arm-none-eabi/10.3.1/thumb/v7e-m+fp/hard\libgcc.a(_aeabi_uldivmod.o) (__aeabi_ldiv0)

Discarded input sections

 .text          0x0000000000000000        0x0 c:/st/stm32cubeide_1.12.0/stm32cubeide/plugins/com.st.stm32cube.ide.mcu.externaltools.gnu-tools-for-stm32.10.3-2021.10.win32_1.0.200.202301161003/tools/bin/../lib/gcc/arm-none-eabi/10.3.1/thumb/v7e-m+fp/hard/crti.o
 .data          0x0000000000000000        0x0 c:/st/stm32cubeide_1.12.0/stm32cubeide/plugins/com.st.stm32cube.ide.mcu.externaltools.gnu-tools-for-stm32.10.3-2021.10.win32_1.0.200.202301161003/tools/bin/../lib/gcc/arm-none-eabi/10.3.1/thumb/v7e-m+fp/hard/crti.o
 .bss           0x0000000000000000        0x0 c:/st/stm32cubeide_1.12.0/stm32cubeide/plugins/com.st.stm32cube.ide.mcu.externaltools.gnu-tools-for-stm32.10.3-2021.10.win32_1.0.200.202301161003/tools/bin/../lib/gcc/arm-none-eabi/10.3.1/thumb/v7e-m+fp/hard/crti.o
[...]
Memory Configuration

Name             Origin             Length             Attributes
CCMRAM           0x0000000010000000 0x0000000000010000 xrw
RAM              0x0000000020000000 0x0000000000020000 xrw
FLASH            0x0000000008000000 0x0000000000100000 xr
*default*        0x0000000000000000 0xffffffffffffffff

Linker script and memory map

LOAD c:/st/stm32cubeide_1.12.0/stm32cubeide/plugins/com.st.stm32cube.ide.mcu.externaltools.gnu-tools-for-stm32.10.3-2021.10.win32_1.0.200.202301161003/tools/bin/../lib/gcc/arm-none-eabi/10.3.1/thumb/v7e-m+fp/hard/crti.o
LOAD c:/st/stm32cubeide_1.12.0/stm32cubeide/plugins/com.st.stm32cube.ide.mcu.externaltools.gnu-tools-for-stm32.10.3-2021.10.win32_1.0.200.202301161003/tools/bin/../lib/gcc/arm-none-eabi/10.3.1/thumb/v7e-m+fp/hard/crtbegin.o
LOAD c:/st/stm32cubeide_1.12.0/stm32cubeide/plugins/com.st.stm32cube.ide.mcu.externaltools.gnu-tools-for-stm32.10.3-2021.10.win32_1.0.200.202301161003/tools/bin/../lib/gcc/arm-none-eabi/10.3.1/../../../../arm-none-eabi/lib/thumb/v7e-m+fp/hard/crt0.o
LOAD ./Core/Src/ILI9341/ILI9341_GFX.o
LOAD ./Core/Src/ILI9341/ILI9341_STM32_Driver.o
LOAD ./Core/Src/main.o
LOAD ./Core/Src/stm32f4xx_hal_msp.o
LOAD ./Core/Src/stm32f4xx_it.o
LOAD ./Core/Src/syscalls.o
LOAD ./Core/Src/sysmem.o
LOAD ./Core/Src/system_stm32f4xx.o
LOAD ./Core/Startup/startup_stm32f407vgtx.o
LOAD ./Drivers/STM32F4xx_HAL_Driver/Src/stm32f4xx_hal.o
LOAD ./Drivers/STM32F4xx_HAL_Driver/Src/stm32f4xx_hal_cortex.o
LOAD ./Drivers/STM32F4xx_HAL_Driver/Src/stm32f4xx_hal_dma.o
LOAD ./Drivers/STM32F4xx_HAL_Driver/Src/stm32f4xx_hal_dma_ex.o
LOAD ./Drivers/STM32F4xx_HAL_Driver/Src/stm32f4xx_hal_exti.o
LOAD ./Drivers/STM32F4xx_HAL_Driver/Src/stm32f4xx_hal_flash.o
LOAD ./Drivers/STM32F4xx_HAL_Driver/Src/stm32f4xx_hal_flash_ex.o
LOAD ./Drivers/STM32F4xx_HAL_Driver/Src/stm32f4xx_hal_flash_ramfunc.o
LOAD ./Drivers/STM32F4xx_HAL_Driver/Src/stm32f4xx_hal_gpio.o
LOAD ./Drivers/STM32F4xx_HAL_Driver/Src/stm32f4xx_hal_pwr.o
LOAD ./Drivers/STM32F4xx_HAL_Driver/Src/stm32f4xx_hal_pwr_ex.o
LOAD ./Drivers/STM32F4xx_HAL_Driver/Src/stm32f4xx_hal_rcc.o
LOAD ./Drivers/STM32F4xx_HAL_Driver/Src/stm32f4xx_hal_rcc_ex.o
START GROUP
LOAD c:/st/stm32cubeide_1.12.0/stm32cubeide/plugins/com.st.stm32cube.ide.mcu.externaltools.gnu-tools-for-stm32.10.3-2021.10.win32_1.0.200.202301161003/tools/bin/../lib/gcc/arm-none-eabi/10.3.1/../../../../arm-none-eabi/lib/thumb/v7e-m+fp/hard\libc_nano.a
LOAD c:/st/stm32cubeide_1.12.0/stm32cubeide/plugins/com.st.stm32cube.ide.mcu.externaltools.gnu-tools-for-stm32.10.3-2021.10.win32_1.0.200.202301161003/tools/bin/../lib/gcc/arm-none-eabi/10.3.1/../../../../arm-none-eabi/lib/thumb/v7e-m+fp/hard\libm.a
END GROUP
START GROUP
LOAD c:/st/stm32cubeide_1.12.0/stm32cubeide/plugins/com.st.stm32cube.ide.mcu.externaltools.gnu-tools-for-stm32.10.3-2021.10.win32_1.0.200.202301161003/tools/bin/../lib/gcc/arm-none-eabi/10.3.1/thumb/v7e-m+fp/hard\libgcc.a
LOAD c:/st/stm32cubeide_1.12.0/stm32cubeide/plugins/com.st.stm32cube.ide.mcu.externaltools.gnu-tools-for-stm32.10.3-2021.10.win32_1.0.200.202301161003/tools/bin/../lib/gcc/arm-none-eabi/10.3.1/../../../../arm-none-eabi/lib/thumb/v7e-m+fp/hard\libc_nano.a
END GROUP
START GROUP
LOAD c:/st/stm32cubeide_1.12.0/stm32cubeide/plugins/com.st.stm32cube.ide.mcu.externaltools.gnu-tools-for-stm32.10.3-2021.10.win32_1.0.200.202301161003/tools/bin/../lib/gcc/arm-none-eabi/10.3.1/thumb/v7e-m+fp/hard\libgcc.a
LOAD c:/st/stm32cubeide_1.12.0/stm32cubeide/plugins/com.st.stm32cube.ide.mcu.externaltools.gnu-tools-for-stm32.10.3-2021.10.win32_1.0.200.202301161003/tools/bin/../lib/gcc/arm-none-eabi/10.3.1/../../../../arm-none-eabi/lib/thumb/v7e-m+fp/hard\libc_nano.a
LOAD c:/st/stm32cubeide_1.12.0/stm32cubeide/plugins/com.st.stm32cube.ide.mcu.externaltools.gnu-tools-for-stm32.10.3-2021.10.win32_1.0.200.202301161003/tools/bin/../lib/gcc/arm-none-eabi/10.3.1/../../../../arm-none-eabi/lib/thumb/v7e-m+fp/hard\libnosys.a
END GROUP
START GROUP
LOAD c:/st/stm32cubeide_1.12.0/stm32cubeide/plugins/com.st.stm32cube.ide.mcu.externaltools.gnu-tools-for-stm32.10.3-2021.10.win32_1.0.200.202301161003/tools/bin/../lib/gcc/arm-none-eabi/10.3.1/thumb/v7e-m+fp/hard\libgcc.a
LOAD c:/st/stm32cubeide_1.12.0/stm32cubeide/plugins/com.st.stm32cube.ide.mcu.externaltools.gnu-tools-for-stm32.10.3-2021.10.win32_1.0.200.202301161003/tools/bin/../lib/gcc/arm-none-eabi/10.3.1/../../../../arm-none-eabi/lib/thumb/v7e-m+fp/hard\libc_nano.a
LOAD c:/st/stm32cubeide_1.12.0/stm32cubeide/plugins/com.st.stm32cube.ide.mcu.externaltools.gnu-tools-for-stm32.10.3-2021.10.win32_1.0.200.202301161003/tools/bin/../lib/gcc/arm-none-eabi/10.3.1/../../../../arm-none-eabi/lib/thumb/v7e-m+fp/hard\libnosys.a
END GROUP
LOAD c:/st/stm32cubeide_1.12.0/stm32cubeide/plugins/com.st.stm32cube.ide.mcu.externaltools.gnu-tools-for-stm32.10.3-2021.10.win32_1.0.200.202301161003/tools/bin/../lib/gcc/arm-none-eabi/10.3.1/thumb/v7e-m+fp/hard/crtend.o
LOAD c:/st/stm32cubeide_1.12.0/stm32cubeide/plugins/com.st.stm32cube.ide.mcu.externaltools.gnu-tools-for-stm32.10.3-2021.10.win32_1.0.200.202301161003/tools/bin/../lib/gcc/arm-none-eabi/10.3.1/thumb/v7e-m+fp/hard/crtn.o
                0x0000000020020000                _estack = (ORIGIN (RAM) + LENGTH (RAM))
                0x0000000000000200                _Min_Heap_Size = 0x200
                0x0000000000000400                _Min_Stack_Size = 0x400

.isr_vector     0x0000000008000000      0x188
                0x0000000008000000                . = ALIGN (0x4)
 *(.isr_vector)
 .isr_vector    0x0000000008000000      0x188 ./Core/Startup/startup_stm32f407vgtx.o
                0x0000000008000000                g_pfnVectors
                0x0000000008000188                . = ALIGN (0x4)

.text           0x0000000008000188     0x19b0
                0x0000000008000188                . = ALIGN (0x4)
 *(.text)
 .text          0x0000000008000188       0x40 c:/st/stm32cubeide_1.12.0/stm32cubeide/plugins/com.st.stm32cube.ide.mcu.externaltools.gnu-tools-for-stm32.10.3-2021.10.win32_1.0.200.202301161003/tools/bin/../lib/gcc/arm-none-eabi/10.3.1/thumb/v7e-m+fp/hard/crtbegin.o
 .text          0x00000000080001c8       0x30 c:/st/stm32cubeide_1.12.0/stm32cubeide/plugins/com.st.stm32cube.ide.mcu.externaltools.gnu-tools-for-stm32.10.3-2021.10.win32_1.0.200.202301161003/tools/bin/../lib/gcc/arm-none-eabi/10.3.1/thumb/v7e-m+fp/hard\libgcc.a(_aeabi_uldivmod.o)
                0x00000000080001c8                __aeabi_uldivmod
 .text          0x00000000080001f8      0x2d0 c:/st/stm32cubeide_1.12.0/stm32cubeide/plugins/com.st.stm32cube.ide.mcu.externaltools.gnu-tools-for-stm32.10.3-2021.10.win32_1.0.200.202301161003/tools/bin/../lib/gcc/arm-none-eabi/10.3.1/thumb/v7e-m+fp/hard\libgcc.a(_udivmoddi4.o)
                0x00000000080001f8                __udivmoddi4
 .text          0x00000000080004c8        0x4 c:/st/stm32cubeide_1.12.0/stm32cubeide/plugins/com.st.stm32cube.ide.mcu.externaltools.gnu-tools-for-stm32.10.3-2021.10.win32_1.0.200.202301161003/tools/bin/../lib/gcc/arm-none-eabi/10.3.1/thumb/v7e-m+fp/hard\libgcc.a(_dvmd_tls.o)
                0x00000000080004c8                __aeabi_idiv0
                0x00000000080004c8                __aeabi_ldiv0
 *(.text*)
 .text.ILI9341_Write_Command
                0x00000000080004cc       0x16 ./Core/Src/ILI9341/ILI9341_STM32_Driver.o
                0x00000000080004cc                ILI9341_Write_Command
 .text.ILI9341_Write_Data
                0x00000000080004e2       0x16 ./Core/Src/ILI9341/ILI9341_STM32_Driver.o
                0x00000000080004e2                ILI9341_Write_Data
 .text.ILI9341_Set_Address
                0x00000000080004f8       0x88 ./Core/Src/ILI9341/ILI9341_STM32_Driver.o
                0x00000000080004f8                ILI9341_Set_Address
 .text.ILI9341_Reset
                0x0000000008000580       0x28 ./Core/Src/ILI9341/ILI9341_STM32_Driver.o
                0x0000000008000580                ILI9341_Reset
 .text.ILI9341_Set_Rotation
                0x00000000080005a8       0xa4 ./Core/Src/ILI9341/ILI9341_STM32_Driver.o
                0x00000000080005a8                ILI9341_Set_Rotation
 .text.ILI9341_Enable
                0x000000000800064c       0x18 ./Core/Src/ILI9341/ILI9341_STM32_Driver.o
                0x000000000800064c                ILI9341_Enable
 .text.ILI9341_Lcd_Clear
                0x0000000008000664       0x58 ./Core/Src/ILI9341/ILI9341_STM32_Driver.o
                0x0000000008000664                ILI9341_Lcd_Clear
 .text.ILI9341_Init
                0x00000000080006bc      0x21e ./Core/Src/ILI9341/ILI9341_STM32_Driver.o
                0x00000000080006bc                ILI9341_Init
 *fill*         0x00000000080008da        0x2 
 .text.main     0x00000000080008dc       0x5c ./Core/Src/main.o
                0x00000000080008dc                main
 .text.SystemClock_Config
                0x0000000008000938       0xd4 ./Core/Src/main.o
                0x0000000008000938                SystemClock_Config
 .text.MX_GPIO_Init
                0x0000000008000a0c       0xe8 ./Core/Src/main.o
 .text.Error_Handler
                0x0000000008000af4        0xa ./Core/Src/main.o
                0x0000000008000af4                Error_Handler
 *fill*         0x0000000008000afe        0x2 
 .text.HAL_MspInit
                0x0000000008000b00       0x50 ./Core/Src/stm32f4xx_hal_msp.o
                0x0000000008000b00                HAL_MspInit
 .text.NMI_Handler
                0x0000000008000b50        0x6 ./Core/Src/stm32f4xx_it.o
                0x0000000008000b50                NMI_Handler
 .text.HardFault_Handler
                0x0000000008000b56        0x6 ./Core/Src/stm32f4xx_it.o
                0x0000000008000b56                HardFault_Handler
 .text.MemManage_Handler
                0x0000000008000b5c        0x6 ./Core/Src/stm32f4xx_it.o
                0x0000000008000b5c                MemManage_Handler
 .text.BusFault_Handler
                0x0000000008000b62        0x6 ./Core/Src/stm32f4xx_it.o
                0x0000000008000b62                BusFault_Handler
 .text.UsageFault_Handler
                0x0000000008000b68        0x6 ./Core/Src/stm32f4xx_it.o
                0x0000000008000b68                UsageFault_Handler
 .text.SVC_Handler
                0x0000000008000b6e        0xe ./Core/Src/stm32f4xx_it.o
                0x0000000008000b6e                SVC_Handler
 .text.DebugMon_Handler
                0x0000000008000b7c        0xe ./Core/Src/stm32f4xx_it.o
                0x0000000008000b7c                DebugMon_Handler
 .text.PendSV_Handler
                0x0000000008000b8a        0xe ./Core/Src/stm32f4xx_it.o
                0x0000000008000b8a                PendSV_Handler
 .text.SysTick_Handler
                0x0000000008000b98        0xc ./Core/Src/stm32f4xx_it.o
                0x0000000008000b98                SysTick_Handler
 .text.SystemInit
                0x0000000008000ba4       0x24 ./Core/Src/system_stm32f4xx.o
                0x0000000008000ba4                SystemInit
 .text.Reset_Handler
                0x0000000008000bc8       0x50 ./Core/Startup/startup_stm32f407vgtx.o
                0x0000000008000bc8                Reset_Handler
 .text.Default_Handler
                0x0000000008000c18        0x2 ./Core/Startup/startup_stm32f407vgtx.o
                0x0000000008000c18                RTC_Alarm_IRQHandler
                0x0000000008000c18                HASH_RNG_IRQHandler
                0x0000000008000c18                EXTI2_IRQHandler
                0x0000000008000c18                TIM8_CC_IRQHandler
                0x0000000008000c18                TIM1_CC_IRQHandler
                0x0000000008000c18                DMA2_Stream5_IRQHandler
                0x0000000008000c18                DMA1_Stream5_IRQHandler
                0x0000000008000c18                PVD_IRQHandler
                0x0000000008000c18                SDIO_IRQHandler
                0x0000000008000c18                TAMP_STAMP_IRQHandler
                0x0000000008000c18                CAN2_RX1_IRQHandler
                0x0000000008000c18                EXTI3_IRQHandler
                0x0000000008000c18                TIM8_TRG_COM_TIM14_IRQHandler
                0x0000000008000c18                TIM1_UP_TIM10_IRQHandler
                0x0000000008000c18                TIM8_UP_TIM13_IRQHandler
                0x0000000008000c18                I2C3_ER_IRQHandler
                0x0000000008000c18                EXTI0_IRQHandler
                0x0000000008000c18                I2C2_EV_IRQHandler
                0x0000000008000c18                DMA1_Stream2_IRQHandler
                0x0000000008000c18                CAN1_RX0_IRQHandler
                0x0000000008000c18                FPU_IRQHandler
                0x0000000008000c18                OTG_HS_WKUP_IRQHandler
                0x0000000008000c18                CAN2_SCE_IRQHandler
                0x0000000008000c18                DMA2_Stream2_IRQHandler
                0x0000000008000c18                SPI1_IRQHandler
                0x0000000008000c18                TIM6_DAC_IRQHandler
                0x0000000008000c18                TIM1_BRK_TIM9_IRQHandler
                0x0000000008000c18                DCMI_IRQHandler
                0x0000000008000c18                CAN2_RX0_IRQHandler
                0x0000000008000c18                DMA2_Stream3_IRQHandler
                0x0000000008000c18                USART6_IRQHandler
                0x0000000008000c18                USART3_IRQHandler
                0x0000000008000c18                CAN1_RX1_IRQHandler
                0x0000000008000c18                UART5_IRQHandler
                0x0000000008000c18                DMA2_Stream0_IRQHandler
                0x0000000008000c18                TIM4_IRQHandler
                0x0000000008000c18                I2C1_EV_IRQHandler
                0x0000000008000c18                DMA1_Stream6_IRQHandler
                0x0000000008000c18                DMA1_Stream1_IRQHandler
                0x0000000008000c18                UART4_IRQHandler
                0x0000000008000c18                TIM3_IRQHandler
                0x0000000008000c18                RCC_IRQHandler
                0x0000000008000c18                TIM8_BRK_TIM12_IRQHandler
                0x0000000008000c18                Default_Handler
                0x0000000008000c18                EXTI15_10_IRQHandler
                0x0000000008000c18                ADC_IRQHandler
                0x0000000008000c18                DMA1_Stream7_IRQHandler
                0x0000000008000c18                TIM7_IRQHandler
                0x0000000008000c18                CAN2_TX_IRQHandler
                0x0000000008000c18                TIM5_IRQHandler
                0x0000000008000c18                DMA2_Stream7_IRQHandler
                0x0000000008000c18                I2C3_EV_IRQHandler
                0x0000000008000c18                EXTI9_5_IRQHandler
                0x0000000008000c18                RTC_WKUP_IRQHandler
                0x0000000008000c18                ETH_WKUP_IRQHandler
                0x0000000008000c18                SPI2_IRQHandler
                0x0000000008000c18                OTG_HS_EP1_IN_IRQHandler
                0x0000000008000c18                DMA1_Stream0_IRQHandler
                0x0000000008000c18                CAN1_TX_IRQHandler
                0x0000000008000c18                EXTI4_IRQHandler
                0x0000000008000c18                FSMC_IRQHandler
                0x0000000008000c18                ETH_IRQHandler
                0x0000000008000c18                OTG_HS_EP1_OUT_IRQHandler
                0x0000000008000c18                WWDG_IRQHandler
                0x0000000008000c18                TIM2_IRQHandler
                0x0000000008000c18                OTG_FS_WKUP_IRQHandler
                0x0000000008000c18                TIM1_TRG_COM_TIM11_IRQHandler
                0x0000000008000c18                OTG_HS_IRQHandler
                0x0000000008000c18                EXTI1_IRQHandler
                0x0000000008000c18                USART2_IRQHandler
                0x0000000008000c18                I2C2_ER_IRQHandler
                0x0000000008000c18                DMA2_Stream1_IRQHandler
                0x0000000008000c18                CAN1_SCE_IRQHandler
                0x0000000008000c18                FLASH_IRQHandler
                0x0000000008000c18                DMA2_Stream4_IRQHandler
                0x0000000008000c18                USART1_IRQHandler
                0x0000000008000c18                OTG_FS_IRQHandler
                0x0000000008000c18                SPI3_IRQHandler
                0x0000000008000c18                DMA1_Stream4_IRQHandler
                0x0000000008000c18                I2C1_ER_IRQHandler
                0x0000000008000c18                DMA2_Stream6_IRQHandler
                0x0000000008000c18                DMA1_Stream3_IRQHandler
 *fill*         0x0000000008000c1a        0x2 
 .text.HAL_Init
                0x0000000008000c1c       0x44 ./Drivers/STM32F4xx_HAL_Driver/Src/stm32f4xx_hal.o
                0x0000000008000c1c                HAL_Init
 .text.HAL_InitTick
                0x0000000008000c60       0x60 ./Drivers/STM32F4xx_HAL_Driver/Src/stm32f4xx_hal.o
                0x0000000008000c60                HAL_InitTick
 .text.HAL_IncTick
                0x0000000008000cc0       0x28 ./Drivers/STM32F4xx_HAL_Driver/Src/stm32f4xx_hal.o
                0x0000000008000cc0                HAL_IncTick
 .text.HAL_GetTick
                0x0000000008000ce8       0x18 ./Drivers/STM32F4xx_HAL_Driver/Src/stm32f4xx_hal.o
                0x0000000008000ce8                HAL_GetTick
 .text.HAL_Delay
                0x0000000008000d00       0x48 ./Drivers/STM32F4xx_HAL_Driver/Src/stm32f4xx_hal.o
                0x0000000008000d00                HAL_Delay
 .text.__NVIC_SetPriorityGrouping
                0x0000000008000d48       0x48 ./Drivers/STM32F4xx_HAL_Driver/Src/stm32f4xx_hal_cortex.o
 .text.__NVIC_GetPriorityGrouping
                0x0000000008000d90       0x1c ./Drivers/STM32F4xx_HAL_Driver/Src/stm32f4xx_hal_cortex.o
 .text.__NVIC_SetPriority
                0x0000000008000dac       0x54 ./Drivers/STM32F4xx_HAL_Driver/Src/stm32f4xx_hal_cortex.o
 .text.NVIC_EncodePriority
                0x0000000008000e00       0x66 ./Drivers/STM32F4xx_HAL_Driver/Src/stm32f4xx_hal_cortex.o
 *fill*         0x0000000008000e66        0x2 
 .text.SysTick_Config
                0x0000000008000e68       0x44 ./Drivers/STM32F4xx_HAL_Driver/Src/stm32f4xx_hal_cortex.o
 .text.HAL_NVIC_SetPriorityGrouping
                0x0000000008000eac       0x16 ./Drivers/STM32F4xx_HAL_Driver/Src/stm32f4xx_hal_cortex.o
                0x0000000008000eac                HAL_NVIC_SetPriorityGrouping
 .text.HAL_NVIC_SetPriority
                0x0000000008000ec2       0x38 ./Drivers/STM32F4xx_HAL_Driver/Src/stm32f4xx_hal_cortex.o
                0x0000000008000ec2                HAL_NVIC_SetPriority
 .text.HAL_SYSTICK_Config
                0x0000000008000efa       0x18 ./Drivers/STM32F4xx_HAL_Driver/Src/stm32f4xx_hal_cortex.o
                0x0000000008000efa                HAL_SYSTICK_Config
 *fill*         0x0000000008000f12        0x2 
 .text.HAL_GPIO_Init
                0x0000000008000f14      0x338 ./Drivers/STM32F4xx_HAL_Driver/Src/stm32f4xx_hal_gpio.o
                0x0000000008000f14                HAL_GPIO_Init
 .text.HAL_GPIO_WritePin
                0x000000000800124c       0x32 ./Drivers/STM32F4xx_HAL_Driver/Src/stm32f4xx_hal_gpio.o
                0x000000000800124c                HAL_GPIO_WritePin
 *fill*         0x000000000800127e        0x2 
 .text.HAL_RCC_OscConfig
                0x0000000008001280      0x4f0 ./Drivers/STM32F4xx_HAL_Driver/Src/stm32f4xx_hal_rcc.o
                0x0000000008001280                HAL_RCC_OscConfig
 .text.HAL_RCC_ClockConfig
                0x0000000008001770      0x1cc ./Drivers/STM32F4xx_HAL_Driver/Src/stm32f4xx_hal_rcc.o
                0x0000000008001770                HAL_RCC_ClockConfig
 .text.HAL_RCC_GetSysClockFreq
                0x000000000800193c      0x18c ./Drivers/STM32F4xx_HAL_Driver/Src/stm32f4xx_hal_rcc.o
                0x000000000800193c                HAL_RCC_GetSysClockFreq
 .text.__libc_init_array
                0x0000000008001ac8       0x48 c:/st/stm32cubeide_1.12.0/stm32cubeide/plugins/com.st.stm32cube.ide.mcu.externaltools.gnu-tools-for-stm32.10.3-2021.10.win32_1.0.200.202301161003/tools/bin/../lib/gcc/arm-none-eabi/10.3.1/../../../../arm-none-eabi/lib/thumb/v7e-m+fp/hard\libc_nano.a(lib_a-init.o)
                0x0000000008001ac8                __libc_init_array
 .text.memset   0x0000000008001b10       0x10 c:/st/stm32cubeide_1.12.0/stm32cubeide/plugins/com.st.stm32cube.ide.mcu.externaltools.gnu-tools-for-stm32.10.3-2021.10.win32_1.0.200.202301161003/tools/bin/../lib/gcc/arm-none-eabi/10.3.1/../../../../arm-none-eabi/lib/thumb/v7e-m+fp/hard\libc_nano.a(lib_a-memset.o)
                0x0000000008001b10                memset
 *(.glue_7)
 .glue_7        0x0000000008001b20        0x0 linker stubs
 *(.glue_7t)
 .glue_7t       0x0000000008001b20        0x0 linker stubs
 *(.eh_frame)
 .eh_frame      0x0000000008001b20        0x0 c:/st/stm32cubeide_1.12.0/stm32cubeide/plugins/com.st.stm32cube.ide.mcu.externaltools.gnu-tools-for-stm32.10.3-2021.10.win32_1.0.200.202301161003/tools/bin/../lib/gcc/arm-none-eabi/10.3.1/thumb/v7e-m+fp/hard/crtbegin.o
 *(.init)
 .init          0x0000000008001b20        0x4 c:/st/stm32cubeide_1.12.0/stm32cubeide/plugins/com.st.stm32cube.ide.mcu.externaltools.gnu-tools-for-stm32.10.3-2021.10.win32_1.0.200.202301161003/tools/bin/../lib/gcc/arm-none-eabi/10.3.1/thumb/v7e-m+fp/hard/crti.o
                0x0000000008001b20                _init
 .init          0x0000000008001b24        0x8 c:/st/stm32cubeide_1.12.0/stm32cubeide/plugins/com.st.stm32cube.ide.mcu.externaltools.gnu-tools-for-stm32.10.3-2021.10.win32_1.0.200.202301161003/tools/bin/../lib/gcc/arm-none-eabi/10.3.1/thumb/v7e-m+fp/hard/crtn.o
 *(.fini)
 .fini          0x0000000008001b2c        0x4 c:/st/stm32cubeide_1.12.0/stm32cubeide/plugins/com.st.stm32cube.ide.mcu.externaltools.gnu-tools-for-stm32.10.3-2021.10.win32_1.0.200.202301161003/tools/bin/../lib/gcc/arm-none-eabi/10.3.1/thumb/v7e-m+fp/hard/crti.o
                0x0000000008001b2c                _fini
 .fini          0x0000000008001b30        0x8 c:/st/stm32cubeide_1.12.0/stm32cubeide/plugins/com.st.stm32cube.ide.mcu.externaltools.gnu-tools-for-stm32.10.3-2021.10.win32_1.0.200.202301161003/tools/bin/../lib/gcc/arm-none-eabi/10.3.1/thumb/v7e-m+fp/hard/crtn.o
                0x0000000008001b38                . = ALIGN (0x4)
                0x0000000008001b38                _etext = .

.vfp11_veneer   0x0000000008001b38        0x0
 .vfp11_veneer  0x0000000008001b38        0x0 linker stubs

.v4_bx          0x0000000008001b38        0x0
 .v4_bx         0x0000000008001b38        0x0 linker stubs

.iplt           0x0000000008001b38        0x0
 .iplt          0x0000000008001b38        0x0 c:/st/stm32cubeide_1.12.0/stm32cubeide/plugins/com.st.stm32cube.ide.mcu.externaltools.gnu-tools-for-stm32.10.3-2021.10.win32_1.0.200.202301161003/tools/bin/../lib/gcc/arm-none-eabi/10.3.1/thumb/v7e-m+fp/hard/crtbegin.o

.rodata         0x0000000008001b38       0x10
                0x0000000008001b38                . = ALIGN (0x4)
 *(.rodata)
 *(.rodata*)
 .rodata.AHBPrescTable
                0x0000000008001b38       0x10 ./Core/Src/system_stm32f4xx.o
                0x0000000008001b38                AHBPrescTable
                0x0000000008001b48                . = ALIGN (0x4)

.ARM.extab      0x0000000008001b48        0x0
                0x0000000008001b48                . = ALIGN (0x4)
 *(.ARM.extab* .gnu.linkonce.armextab.*)
                0x0000000008001b48                . = ALIGN (0x4)

.ARM            0x0000000008001b48        0x8
                0x0000000008001b48                . = ALIGN (0x4)
                0x0000000008001b48                __exidx_start = .
 *(.ARM.exidx*)
 .ARM.exidx     0x0000000008001b48        0x8 c:/st/stm32cubeide_1.12.0/stm32cubeide/plugins/com.st.stm32cube.ide.mcu.externaltools.gnu-tools-for-stm32.10.3-2021.10.win32_1.0.200.202301161003/tools/bin/../lib/gcc/arm-none-eabi/10.3.1/thumb/v7e-m+fp/hard\libgcc.a(_udivmoddi4.o)
                0x0000000008001b50                __exidx_end = .
                0x0000000008001b50                . = ALIGN (0x4)

.rel.dyn        0x0000000008001b50        0x0
 .rel.iplt      0x0000000008001b50        0x0 c:/st/stm32cubeide_1.12.0/stm32cubeide/plugins/com.st.stm32cube.ide.mcu.externaltools.gnu-tools-for-stm32.10.3-2021.10.win32_1.0.200.202301161003/tools/bin/../lib/gcc/arm-none-eabi/10.3.1/thumb/v7e-m+fp/hard/crtbegin.o

.preinit_array  0x0000000008001b50        0x0
                0x0000000008001b50                . = ALIGN (0x4)
                0x0000000008001b50                PROVIDE (__preinit_array_start = .)
 *(.preinit_array*)
                0x0000000008001b50                PROVIDE (__preinit_array_end = .)
                0x0000000008001b50                . = ALIGN (0x4)

.init_array     0x0000000008001b50        0x4
                0x0000000008001b50                . = ALIGN (0x4)
                0x0000000008001b50                PROVIDE (__init_array_start = .)
 *(SORT_BY_NAME(.init_array.*))
 *(.init_array*)
 .init_array    0x0000000008001b50        0x4 c:/st/stm32cubeide_1.12.0/stm32cubeide/plugins/com.st.stm32cube.ide.mcu.externaltools.gnu-tools-for-stm32.10.3-2021.10.win32_1.0.200.202301161003/tools/bin/../lib/gcc/arm-none-eabi/10.3.1/thumb/v7e-m+fp/hard/crtbegin.o
                0x0000000008001b54                PROVIDE (__init_array_end = .)
                0x0000000008001b54                . = ALIGN (0x4)

.fini_array     0x0000000008001b54        0x4
                0x0000000008001b54                . = ALIGN (0x4)
                [!provide]                        PROVIDE (__fini_array_start = .)
 *(SORT_BY_NAME(.fini_array.*))
 *(.fini_array*)
 .fini_array    0x0000000008001b54        0x4 c:/st/stm32cubeide_1.12.0/stm32cubeide/plugins/com.st.stm32cube.ide.mcu.externaltools.gnu-tools-for-stm32.10.3-2021.10.win32_1.0.200.202301161003/tools/bin/../lib/gcc/arm-none-eabi/10.3.1/thumb/v7e-m+fp/hard/crtbegin.o
                [!provide]                        PROVIDE (__fini_array_end = .)
                0x0000000008001b58                . = ALIGN (0x4)
                0x0000000008001b58                _sidata = LOADADDR (.data)

.data           0x0000000020000000       0x5c load address 0x0000000008001b58
                0x0000000020000000                . = ALIGN (0x4)
                0x0000000020000000                _sdata = .
 *(.data)
 *(.data*)
 .data.LCD_HEIGHT
                0x0000000020000000        0x2 ./Core/Src/ILI9341/ILI9341_STM32_Driver.o
                0x0000000020000000                LCD_HEIGHT
 .data.LCD_WIDTH
                0x0000000020000002        0x2 ./Core/Src/ILI9341/ILI9341_STM32_Driver.o
                0x0000000020000002                LCD_WIDTH
 .data.lcd_colors
                0x0000000020000004       0x4c ./Core/Src/ILI9341/ILI9341_STM32_Driver.o
                0x0000000020000004                lcd_colors
 .data.SystemCoreClock
                0x0000000020000050        0x4 ./Core/Src/system_stm32f4xx.o
                0x0000000020000050                SystemCoreClock
 .data.uwTickPrio
                0x0000000020000054        0x4 ./Drivers/STM32F4xx_HAL_Driver/Src/stm32f4xx_hal.o
                0x0000000020000054                uwTickPrio
 .data.uwTickFreq
                0x0000000020000058        0x1 ./Drivers/STM32F4xx_HAL_Driver/Src/stm32f4xx_hal.o
                0x0000000020000058                uwTickFreq
 *(.RamFunc)
 *(.RamFunc*)
                0x000000002000005c                . = ALIGN (0x4)
 *fill*         0x0000000020000059        0x3 
                0x000000002000005c                _edata = .
                0x0000000008001bb4                _siccmram = LOADADDR (.ccmram)

.igot.plt       0x000000002000005c        0x0 load address 0x0000000008001bb4
 .igot.plt      0x000000002000005c        0x0 c:/st/stm32cubeide_1.12.0/stm32cubeide/plugins/com.st.stm32cube.ide.mcu.externaltools.gnu-tools-for-stm32.10.3-2021.10.win32_1.0.200.202301161003/tools/bin/../lib/gcc/arm-none-eabi/10.3.1/thumb/v7e-m+fp/hard/crtbegin.o

.ccmram         0x0000000010000000        0x0 load address 0x0000000008001bb4
                0x0000000010000000                . = ALIGN (0x4)
                0x0000000010000000                _sccmram = .
 *(.ccmram)
 *(.ccmram*)
                0x0000000010000000                . = ALIGN (0x4)
                0x0000000010000000                _eccmram = .
                0x0000000010000000                . = ALIGN (0x4)

.bss            0x000000002000005c       0x20
                0x000000002000005c                _sbss = .
                0x000000002000005c                __bss_start__ = _sbss
 *(.bss)
 .bss           0x000000002000005c       0x1c c:/st/stm32cubeide_1.12.0/stm32cubeide/plugins/com.st.stm32cube.ide.mcu.externaltools.gnu-tools-for-stm32.10.3-2021.10.win32_1.0.200.202301161003/tools/bin/../lib/gcc/arm-none-eabi/10.3.1/thumb/v7e-m+fp/hard/crtbegin.o
 *(.bss*)
 .bss.uwTick    0x0000000020000078        0x4 ./Drivers/STM32F4xx_HAL_Driver/Src/stm32f4xx_hal.o
                0x0000000020000078                uwTick
 *(COMMON)
                0x000000002000007c                . = ALIGN (0x4)
                0x000000002000007c                _ebss = .
                0x000000002000007c                __bss_end__ = _ebss

._user_heap_stack
                0x000000002000007c      0x604
                0x0000000020000080                . = ALIGN (0x8)
 *fill*         0x000000002000007c        0x4 
                [!provide]                        PROVIDE (end = .)
                0x0000000020000080                PROVIDE (_end = .)
                0x0000000020000280                . = (. + _Min_Heap_Size)
 *fill*         0x0000000020000080      0x200 
                0x0000000020000680                . = (. + _Min_Stack_Size)
 *fill*         0x0000000020000280      0x400 
                0x0000000020000680                . = ALIGN (0x8)

/DISCARD/
 libc.a(*)
 libm.a(*)
 libgcc.a(*)

.ARM.attributes
                0x0000000000000000       0x30
 *(.ARM.attributes)
 .ARM.attributes
                0x0000000000000000       0x1e c:/st/stm32cubeide_1.12.0/stm32cubeide/plugins/com.st.stm32cube.ide.mcu.externaltools.gnu-tools-for-stm32.10.3-2021.10.win32_1.0.200.202301161003/tools/bin/../lib/gcc/arm-none-eabi/10.3.1/thumb/v7e-m+fp/hard/crti.o
 .ARM.attributes
                0x000000000000001e       0x34 c:/st/stm32cubeide_1.12.0/stm32cubeide/plugins/com.st.stm32cube.ide.mcu.externaltools.gnu-tools-for-stm32.10.3-2021.10.win32_1.0.200.202301161003/tools/bin/../lib/gcc/arm-none-eabi/10.3.1/thumb/v7e-m+fp/hard/crtbegin.o
 .ARM.attributes
                0x0000000000000052       0x34 ./Core/Src/ILI9341/ILI9341_STM32_Driver.o
 .ARM.attributes
                0x0000000000000086       0x34 ./Core/Src/main.o
 .ARM.attributes
                0x00000000000000ba       0x34 ./Core/Src/stm32f4xx_hal_msp.o
 .ARM.attributes
                0x00000000000000ee       0x34 ./Core/Src/stm32f4xx_it.o
 .ARM.attributes
                0x0000000000000122       0x34 ./Core/Src/system_stm32f4xx.o
 .ARM.attributes
                0x0000000000000156       0x21 ./Core/Startup/startup_stm32f407vgtx.o
 .ARM.attributes
                0x0000000000000177       0x34 ./Drivers/STM32F4xx_HAL_Driver/Src/stm32f4xx_hal.o
 .ARM.attributes
                0x00000000000001ab       0x34 ./Drivers/STM32F4xx_HAL_Driver/Src/stm32f4xx_hal_cortex.o
 .ARM.attributes
                0x00000000000001df       0x34 ./Drivers/STM32F4xx_HAL_Driver/Src/stm32f4xx_hal_gpio.o
 .ARM.attributes
                0x0000000000000213       0x34 ./Drivers/STM32F4xx_HAL_Driver/Src/stm32f4xx_hal_rcc.o
 .ARM.attributes
                0x0000000000000247       0x34 c:/st/stm32cubeide_1.12.0/stm32cubeide/plugins/com.st.stm32cube.ide.mcu.externaltools.gnu-tools-for-stm32.10.3-2021.10.win32_1.0.200.202301161003/tools/bin/../lib/gcc/arm-none-eabi/10.3.1/../../../../arm-none-eabi/lib/thumb/v7e-m+fp/hard\libc_nano.a(lib_a-init.o)
 .ARM.attributes
                0x000000000000027b       0x34 c:/st/stm32cubeide_1.12.0/stm32cubeide/plugins/com.st.stm32cube.ide.mcu.externaltools.gnu-tools-for-stm32.10.3-2021.10.win32_1.0.200.202301161003/tools/bin/../lib/gcc/arm-none-eabi/10.3.1/../../../../arm-none-eabi/lib/thumb/v7e-m+fp/hard\libc_nano.a(lib_a-memset.o)
 .ARM.attributes
                0x00000000000002af       0x1e c:/st/stm32cubeide_1.12.0/stm32cubeide/plugins/com.st.stm32cube.ide.mcu.externaltools.gnu-tools-for-stm32.10.3-2021.10.win32_1.0.200.202301161003/tools/bin/../lib/gcc/arm-none-eabi/10.3.1/thumb/v7e-m+fp/hard\libgcc.a(_aeabi_uldivmod.o)
 .ARM.attributes
                0x00000000000002cd       0x34 c:/st/stm32cubeide_1.12.0/stm32cubeide/plugins/com.st.stm32cube.ide.mcu.externaltools.gnu-tools-for-stm32.10.3-2021.10.win32_1.0.200.202301161003/tools/bin/../lib/gcc/arm-none-eabi/10.3.1/thumb/v7e-m+fp/hard\libgcc.a(_udivmoddi4.o)
 .ARM.attributes
                0x0000000000000301       0x1e c:/st/stm32cubeide_1.12.0/stm32cubeide/plugins/com.st.stm32cube.ide.mcu.externaltools.gnu-tools-for-stm32.10.3-2021.10.win32_1.0.200.202301161003/tools/bin/../lib/gcc/arm-none-eabi/10.3.1/thumb/v7e-m+fp/hard\libgcc.a(_dvmd_tls.o)
 .ARM.attributes
                0x000000000000031f       0x1e c:/st/stm32cubeide_1.12.0/stm32cubeide/plugins/com.st.stm32cube.ide.mcu.externaltools.gnu-tools-for-stm32.10.3-2021.10.win32_1.0.200.202301161003/tools/bin/../lib/gcc/arm-none-eabi/10.3.1/thumb/v7e-m+fp/hard/crtn.o
OUTPUT(407_lcd_0.elf elf32-littlearm)
LOAD linker stubs
LOAD c:/st/stm32cubeide_1.12.0/stm32cubeide/plugins/com.st.stm32cube.ide.mcu.externaltools.gnu-tools-for-stm32.10.3-2021.10.win32_1.0.200.202301161003/tools/bin/../lib/gcc/arm-none-eabi/10.3.1/../../../../arm-none-eabi/lib/thumb/v7e-m+fp/hard\libc.a
LOAD c:/st/stm32cubeide_1.12.0/stm32cubeide/plugins/com.st.stm32cube.ide.mcu.externaltools.gnu-tools-for-stm32.10.3-2021.10.win32_1.0.200.202301161003/tools/bin/../lib/gcc/arm-none-eabi/10.3.1/../../../../arm-none-eabi/lib/thumb/v7e-m+fp/hard\libm.a
LOAD c:/st/stm32cubeide_1.12.0/stm32cubeide/plugins/com.st.stm32cube.ide.mcu.externaltools.gnu-tools-for-stm32.10.3-2021.10.win32_1.0.200.202301161003/tools/bin/../lib/gcc/arm-none-eabi/10.3.1/thumb/v7e-m+fp/hard\libgcc.a

.debug_info     0x0000000000000000     0x3f14
 .debug_info    0x0000000000000000      0x62c ./Core/Src/ILI9341/ILI9341_STM32_Driver.o
 .debug_info    0x000000000000062c      0x773 ./Core/Src/main.o
 .debug_info    0x0000000000000d9f      0x2a8 ./Core/Src/stm32f4xx_hal_msp.o
 .debug_info    0x0000000000001047      0x121 ./Core/Src/stm32f4xx_it.o
 .debug_info    0x0000000000001168      0x523 ./Core/Src/system_stm32f4xx.o
 .debug_info    0x000000000000168b       0x22 ./Core/Startup/startup_stm32f407vgtx.o
 .debug_info    0x00000000000016ad      0x97c ./Drivers/STM32F4xx_HAL_Driver/Src/stm32f4xx_hal.o
 .debug_info    0x0000000000002029      0xe1b ./Drivers/STM32F4xx_HAL_Driver/Src/stm32f4xx_hal_cortex.o
 .debug_info    0x0000000000002e44      0x76a ./Drivers/STM32F4xx_HAL_Driver/Src/stm32f4xx_hal_gpio.o
 .debug_info    0x00000000000035ae      0x966 ./Drivers/STM32F4xx_HAL_Driver/Src/stm32f4xx_hal_rcc.o

.debug_abbrev   0x0000000000000000     0x1067
 .debug_abbrev  0x0000000000000000      0x218 ./Core/Src/ILI9341/ILI9341_STM32_Driver.o
 .debug_abbrev  0x0000000000000218      0x24e ./Core/Src/main.o
 .debug_abbrev  0x0000000000000466       0xd4 ./Core/Src/stm32f4xx_hal_msp.o
 .debug_abbrev  0x000000000000053a       0x74 ./Core/Src/stm32f4xx_it.o
 .debug_abbrev  0x00000000000005ae      0x116 ./Core/Src/system_stm32f4xx.o
 .debug_abbrev  0x00000000000006c4       0x12 ./Core/Startup/startup_stm32f407vgtx.o
 .debug_abbrev  0x00000000000006d6      0x20d ./Drivers/STM32F4xx_HAL_Driver/Src/stm32f4xx_hal.o
 .debug_abbrev  0x00000000000008e3      0x316 ./Drivers/STM32F4xx_HAL_Driver/Src/stm32f4xx_hal_cortex.o
 .debug_abbrev  0x0000000000000bf9      0x1c4 ./Drivers/STM32F4xx_HAL_Driver/Src/stm32f4xx_hal_gpio.o
 .debug_abbrev  0x0000000000000dbd      0x2aa ./Drivers/STM32F4xx_HAL_Driver/Src/stm32f4xx_hal_rcc.o

.debug_aranges  0x0000000000000000      0x490
 .debug_aranges
                0x0000000000000000       0xa0 ./Core/Src/ILI9341/ILI9341_STM32_Driver.o
 .debug_aranges
                0x00000000000000a0       0x38 ./Core/Src/main.o
 .debug_aranges
                0x00000000000000d8       0x20 ./Core/Src/stm32f4xx_hal_msp.o
 .debug_aranges
                0x00000000000000f8       0x60 ./Core/Src/stm32f4xx_it.o
 .debug_aranges
                0x0000000000000158       0x28 ./Core/Src/system_stm32f4xx.o
 .debug_aranges
                0x0000000000000180       0x28 ./Core/Startup/startup_stm32f407vgtx.o
 .debug_aranges
                0x00000000000001a8       0xf0 ./Drivers/STM32F4xx_HAL_Driver/Src/stm32f4xx_hal.o
 .debug_aranges
                0x0000000000000298      0x118 ./Drivers/STM32F4xx_HAL_Driver/Src/stm32f4xx_hal_cortex.o
 .debug_aranges
                0x00000000000003b0       0x58 ./Drivers/STM32F4xx_HAL_Driver/Src/stm32f4xx_hal_gpio.o
 .debug_aranges
                0x0000000000000408       0x88 ./Drivers/STM32F4xx_HAL_Driver/Src/stm32f4xx_hal_rcc.o

.debug_ranges   0x0000000000000000      0x3f8
 .debug_ranges  0x0000000000000000       0x90 ./Core/Src/ILI9341/ILI9341_STM32_Driver.o
 .debug_ranges  0x0000000000000090       0x28 ./Core/Src/main.o
 .debug_ranges  0x00000000000000b8       0x10 ./Core/Src/stm32f4xx_hal_msp.o
 .debug_ranges  0x00000000000000c8       0x50 ./Core/Src/stm32f4xx_it.o
 .debug_ranges  0x0000000000000118       0x18 ./Core/Src/system_stm32f4xx.o
 .debug_ranges  0x0000000000000130       0x20 ./Core/Startup/startup_stm32f407vgtx.o
 .debug_ranges  0x0000000000000150       0xe0 ./Drivers/STM32F4xx_HAL_Driver/Src/stm32f4xx_hal.o
 .debug_ranges  0x0000000000000230      0x108 ./Drivers/STM32F4xx_HAL_Driver/Src/stm32f4xx_hal_cortex.o
 .debug_ranges  0x0000000000000338       0x48 ./Drivers/STM32F4xx_HAL_Driver/Src/stm32f4xx_hal_gpio.o
 .debug_ranges  0x0000000000000380       0x78 ./Drivers/STM32F4xx_HAL_Driver/Src/stm32f4xx_hal_rcc.o

.debug_macro    0x0000000000000000     0x114e
 .debug_macro   0x0000000000000000      0x1bf ./Core/Src/ILI9341/ILI9341_STM32_Driver.o
 .debug_macro   0x00000000000001bf      0x1c8 ./Core/Src/main.o
 .debug_macro   0x0000000000000387      0x100 ./Core/Src/main.o
 .debug_macro   0x0000000000000487       0x45 ./Core/Src/main.o
 .debug_macro   0x00000000000004cc      0x1bf ./Core/Src/stm32f4xx_hal_msp.o
 .debug_macro   0x000000000000068b      0x1c9 ./Core/Src/stm32f4xx_it.o
 .debug_macro   0x0000000000000854      0x1b0 ./Core/Src/system_stm32f4xx.o
 .debug_macro   0x0000000000000a04      0x210 ./Drivers/STM32F4xx_HAL_Driver/Src/stm32f4xx_hal.o
 .debug_macro   0x0000000000000c14      0x1b0 ./Drivers/STM32F4xx_HAL_Driver/Src/stm32f4xx_hal_cortex.o
 .debug_macro   0x0000000000000dc4      0x1b6 ./Drivers/STM32F4xx_HAL_Driver/Src/stm32f4xx_hal_gpio.o
 .debug_macro   0x0000000000000f7a      0x1d4 ./Drivers/STM32F4xx_HAL_Driver/Src/stm32f4xx_hal_rcc.o

.debug_line     0x0000000000000000     0x53ba
 .debug_line    0x0000000000000000      0x9af ./Core/Src/ILI9341/ILI9341_STM32_Driver.o
 .debug_line    0x00000000000009af      0x7ab ./Core/Src/main.o
 .debug_line    0x000000000000115a      0x67a ./Core/Src/stm32f4xx_hal_msp.o
 .debug_line    0x00000000000017d4      0x73d ./Core/Src/stm32f4xx_it.o
 .debug_line    0x0000000000001f11      0x6fc ./Core/Src/system_stm32f4xx.o
 .debug_line    0x000000000000260d       0x88 ./Core/Startup/startup_stm32f407vgtx.o
 .debug_line    0x0000000000002695      0x962 ./Drivers/STM32F4xx_HAL_Driver/Src/stm32f4xx_hal.o
 .debug_line    0x0000000000002ff7      0xc11 ./Drivers/STM32F4xx_HAL_Driver/Src/stm32f4xx_hal_cortex.o
 .debug_line    0x0000000000003c08      0xad6 ./Drivers/STM32F4xx_HAL_Driver/Src/stm32f4xx_hal_gpio.o
 .debug_line    0x00000000000046de      0xcdc ./Drivers/STM32F4xx_HAL_Driver/Src/stm32f4xx_hal_rcc.o

.debug_str      0x0000000000000000    0xbc3fe
 .debug_str     0x0000000000000000    0xba9ee ./Core/Src/ILI9341/ILI9341_STM32_Driver.o
                                      0xbac8e (size before relaxing)
 .debug_str     0x00000000000ba9ee      0x649 ./Core/Src/main.o
                                      0xbb09f (size before relaxing)
 .debug_str     0x00000000000bb037       0x2c ./Core/Src/stm32f4xx_hal_msp.o
                                      0xbad0b (size before relaxing)
 .debug_str     0x00000000000bb063       0xc9 ./Core/Src/stm32f4xx_it.o
                                      0xbac91 (size before relaxing)
 .debug_str     0x00000000000bb12c       0xdb ./Core/Src/system_stm32f4xx.o
                                      0xbaa8e (size before relaxing)
 .debug_str     0x00000000000bb207       0x36 ./Core/Startup/startup_stm32f407vgtx.o
                                         0x72 (size before relaxing)
 .debug_str     0x00000000000bb23d      0xafd ./Drivers/STM32F4xx_HAL_Driver/Src/stm32f4xx_hal.o
                                      0xbb612 (size before relaxing)
 .debug_str     0x00000000000bbd3a      0x360 ./Drivers/STM32F4xx_HAL_Driver/Src/stm32f4xx_hal_cortex.o
                                      0xbb345 (size before relaxing)
 .debug_str     0x00000000000bc09a      0x131 ./Drivers/STM32F4xx_HAL_Driver/Src/stm32f4xx_hal_gpio.o
                                      0xbac09 (size before relaxing)
 .debug_str     0x00000000000bc1cb      0x233 ./Drivers/STM32F4xx_HAL_Driver/Src/stm32f4xx_hal_rcc.o
                                      0xbaec2 (size before relaxing)

.comment        0x0000000000000000       0x50
 .comment       0x0000000000000000       0x50 ./Core/Src/ILI9341/ILI9341_STM32_Driver.o
                                         0x51 (size before relaxing)
 .comment       0x0000000000000050       0x51 ./Core/Src/main.o
 .comment       0x0000000000000050       0x51 ./Core/Src/stm32f4xx_hal_msp.o
 .comment       0x0000000000000050       0x51 ./Core/Src/stm32f4xx_it.o
 .comment       0x0000000000000050       0x51 ./Core/Src/system_stm32f4xx.o
 .comment       0x0000000000000050       0x51 ./Drivers/STM32F4xx_HAL_Driver/Src/stm32f4xx_hal.o
 .comment       0x0000000000000050       0x51 ./Drivers/STM32F4xx_HAL_Driver/Src/stm32f4xx_hal_cortex.o
 .comment       0x0000000000000050       0x51 ./Drivers/STM32F4xx_HAL_Driver/Src/stm32f4xx_hal_gpio.o
 .comment       0x0000000000000050       0x51 ./Drivers/STM32F4xx_HAL_Driver/Src/stm32f4xx_hal_rcc.o

.debug_frame    0x0000000000000000     0x1098
 .debug_frame   0x0000000000000000      0x27c ./Core/Src/ILI9341/ILI9341_STM32_Driver.o
 .debug_frame   0x000000000000027c       0x90 ./Core/Src/main.o
 .debug_frame   0x000000000000030c       0x38 ./Core/Src/stm32f4xx_hal_msp.o
 .debug_frame   0x0000000000000344      0x104 ./Core/Src/stm32f4xx_it.o
 .debug_frame   0x0000000000000448       0x58 ./Core/Src/system_stm32f4xx.o
 .debug_frame   0x00000000000004a0      0x374 ./Drivers/STM32F4xx_HAL_Driver/Src/stm32f4xx_hal.o
 .debug_frame   0x0000000000000814      0x498 ./Drivers/STM32F4xx_HAL_Driver/Src/stm32f4xx_hal_cortex.o
 .debug_frame   0x0000000000000cac      0x14c ./Drivers/STM32F4xx_HAL_Driver/Src/stm32f4xx_hal_gpio.o
 .debug_frame   0x0000000000000df8      0x1f4 ./Drivers/STM32F4xx_HAL_Driver/Src/stm32f4xx_hal_rcc.o
 .debug_frame   0x0000000000000fec       0x2c c:/st/stm32cubeide_1.12.0/stm32cubeide/plugins/com.st.stm32cube.ide.mcu.externaltools.gnu-tools-for-stm32.10.3-2021.10.win32_1.0.200.202301161003/tools/bin/../lib/gcc/arm-none-eabi/10.3.1/../../../../arm-none-eabi/lib/thumb/v7e-m+fp/hard\libc_nano.a(lib_a-init.o)
 .debug_frame   0x0000000000001018       0x20 c:/st/stm32cubeide_1.12.0/stm32cubeide/plugins/com.st.stm32cube.ide.mcu.externaltools.gnu-tools-for-stm32.10.3-2021.10.win32_1.0.200.202301161003/tools/bin/../lib/gcc/arm-none-eabi/10.3.1/../../../../arm-none-eabi/lib/thumb/v7e-m+fp/hard\libc_nano.a(lib_a-memset.o)
 .debug_frame   0x0000000000001038       0x2c c:/st/stm32cubeide_1.12.0/stm32cubeide/plugins/com.st.stm32cube.ide.mcu.externaltools.gnu-tools-for-stm32.10.3-2021.10.win32_1.0.200.202301161003/tools/bin/../lib/gcc/arm-none-eabi/10.3.1/thumb/v7e-m+fp/hard\libgcc.a(_aeabi_uldivmod.o)
 .debug_frame   0x0000000000001064       0x34 c:/st/stm32cubeide_1.12.0/stm32cubeide/plugins/com.st.stm32cube.ide.mcu.externaltools.gnu-tools-for-stm32.10.3-2021.10.win32_1.0.200.202301161003/tools/bin/../lib/gcc/arm-none-eabi/10.3.1/thumb/v7e-m+fp/hard\libgcc.a(_udivmoddi4.o)
